13:57:40 **** Incremental Build of configuration Debug for project Lab1 ****
make -j6 all 
arm-none-eabi-gcc "../Core/Src/main.c" -mcpu=cortex-m4 -std=gnu11 -g3 -DDEBUG -DUSE_HAL_DRIVER -DSTM32F303xC -c -I../Core/Inc -I../Drivers/STM32F3xx_HAL_Driver/Inc -I../Drivers/STM32F3xx_HAL_Driver/Inc/Legacy -I../Drivers/CMSIS/Device/ST/STM32F3xx/Include -I../Drivers/CMSIS/Include -O0 -ffunction-sections -fdata-sections -Wall -fstack-usage -fcyclomatic-complexity -MMD -MP -MF"Core/Src/main.d" -MT"Core/Src/main.o" --specs=nano.specs -mfpu=fpv4-sp-d16 -mfloat-abi=hard -mthumb -o "Core/Src/main.o"
arm-none-eabi-gcc "../Core/Src/syscalls.c" -mcpu=cortex-m4 -std=gnu11 -g3 -DDEBUG -DUSE_HAL_DRIVER -DSTM32F303xC -c -I../Core/Inc -I../Drivers/STM32F3xx_HAL_Driver/Inc -I../Drivers/STM32F3xx_HAL_Driver/Inc/Legacy -I../Drivers/CMSIS/Device/ST/STM32F3xx/Include -I../Drivers/CMSIS/Include -O0 -ffunction-sections -fdata-sections -Wall -fstack-usage -fcyclomatic-complexity -MMD -MP -MF"Core/Src/syscalls.d" -MT"Core/Src/syscalls.o" --specs=nano.specs -mfpu=fpv4-sp-d16 -mfloat-abi=hard -mthumb -o "Core/Src/syscalls.o"
arm-none-eabi-gcc "../Core/Src/sysmem.c" -mcpu=cortex-m4 -std=gnu11 -g3 -DDEBUG -DUSE_HAL_DRIVER -DSTM32F303xC -c -I../Core/Inc -I../Drivers/STM32F3xx_HAL_Driver/Inc -I../Drivers/STM32F3xx_HAL_Driver/Inc/Legacy -I../Drivers/CMSIS/Device/ST/STM32F3xx/Include -I../Drivers/CMSIS/Include -O0 -ffunction-sections -fdata-sections -Wall -fstack-usage -fcyclomatic-complexity -MMD -MP -MF"Core/Src/sysmem.d" -MT"Core/Src/sysmem.o" --specs=nano.specs -mfpu=fpv4-sp-d16 -mfloat-abi=hard -mthumb -o "Core/Src/sysmem.o"
arm-none-eabi-gcc "../Core/Src/system_stm32f3xx.c" -mcpu=cortex-m4 -std=gnu11 -g3 -DDEBUG -DUSE_HAL_DRIVER -DSTM32F303xC -c -I../Core/Inc -I../Drivers/STM32F3xx_HAL_Driver/Inc -I../Drivers/STM32F3xx_HAL_Driver/Inc/Legacy -I../Drivers/CMSIS/Device/ST/STM32F3xx/Include -I../Drivers/CMSIS/Include -O0 -ffunction-sections -fdata-sections -Wall -fstack-usage -fcyclomatic-complexity -MMD -MP -MF"Core/Src/system_stm32f3xx.d" -MT"Core/Src/system_stm32f3xx.o" --specs=nano.specs -mfpu=fpv4-sp-d16 -mfloat-abi=hard -mthumb -o "Core/Src/system_stm32f3xx.o"
arm-none-eabi-gcc -o "Lab1.elf" @"objects.list"   -mcpu=cortex-m4 -T"C:\Users\qiuge\STM32CubeIDE\workspace_1.14.0\Lab1\STM32F303VCTX_FLASH.ld" --specs=nosys.specs -Wl,-Map="Lab1.map" -Wl,--gc-sections -static --specs=nano.specs -mfpu=fpv4-sp-d16 -mfloat-abi=hard -mthumb -Wl,--start-group -lc -lm -Wl,--end-group
Finished building target: Lab1.elf
 
arm-none-eabi-size  Lab1.elf 
arm-none-eabi-objdump -h -S Lab1.elf  > "Lab1.list"
   text	   data	    bss	    dec	    hex	filename
    924	     12	   1572	   2508	    9cc	Lab1.elf
Finished building: default.size.stdout
 
Finished building: Lab1.list
 

13:57:41 Build Finished. 0 errors, 0 warnings. (took 1s.388ms)

